// Jest Snapshot v1, https://goo.gl/fbAQLP

exports[`render button 1`] = `
<View
  accessibilityState={
    {
      "busy": undefined,
      "checked": undefined,
      "disabled": undefined,
      "expanded": undefined,
      "selected": undefined,
    }
  }
  accessibilityValue={
    {
      "max": undefined,
      "min": undefined,
      "now": undefined,
      "text": undefined,
    }
  }
  accessible={true}
  collapsable={false}
  focusable={true}
  onClick={[Function]}
  onResponderGrant={[Function]}
  onResponderMove={[Function]}
  onResponderRelease={[Function]}
  onResponderTerminate={[Function]}
  onResponderTerminationRequest={[Function]}
  onStartShouldSetResponder={[Function]}
  style={
    {
      "alignItems": "center",
      "backgroundColor": "#334FFA",
      "borderRadius": 10,
      "height": 78.5,
      "justifyContent": "center",
      "marginHorizontal": 11.5,
      "opacity": 1,
      "width": 673.5,
    }
  }
>
  <Text
    style={
      {
        "color": "#ffffff",
        "fontFamily": "Avenir",
        "fontSize": 22,
        "fontWeight": "800",
      }
    }
  >
    hello world!
  </Text>
</View>
`;

exports[`render product name big 1`] = `
<View
  accessibilityState={
    {
      "busy": undefined,
      "checked": undefined,
      "disabled": undefined,
      "expanded": undefined,
      "selected": undefined,
    }
  }
  accessibilityValue={
    {
      "max": undefined,
      "min": undefined,
      "now": undefined,
      "text": undefined,
    }
  }
  accessible={true}
  collapsable={false}
  focusable={true}
  onClick={[Function]}
  onResponderGrant={[Function]}
  onResponderMove={[Function]}
  onResponderRelease={[Function]}
  onResponderTerminate={[Function]}
  onResponderTerminationRequest={[Function]}
  onStartShouldSetResponder={[Function]}
  style={
    {
      "alignItems": "center",
      "backgroundColor": "#334FFA",
      "borderRadius": 10,
      "height": 78.5,
      "justifyContent": "center",
      "marginHorizontal": 11.5,
      "opacity": 1,
      "width": 673.5,
    }
  }
>
  <Text
    style={
      {
        "color": "#ffffff",
        "fontFamily": "Avenir",
        "fontSize": 22,
        "fontWeight": "800",
      }
    }
  >
    hello world!
  </Text>
</View>
`;
