// Jest Snapshot v1, https://goo.gl/fbAQLP

exports[`test nav render list product 1`] = `
<RCTScrollView
  contentContainerStyle={
    {
      "alignItems": "center",
      "justifyContent": "center",
    }
  }
  data={
    [
      {
        "createdAt": "2022-12-09T06:34:25.607Z",
        "id": "1",
        "image": "https://loremflickr.com/640/480/transport",
        "is_redemption": false,
        "points": 16434,
        "product": "Handmade Metal Shoes",
      },
      {
        "createdAt": "2022-12-09T17:02:51.904Z",
        "id": "2",
        "image": "https://loremflickr.com/640/480/technics",
        "is_redemption": false,
        "points": 92984,
        "product": "Recycled Plastic Tuna",
      },
      {
        "createdAt": "2022-12-09T10:20:00.909Z",
        "id": "3",
        "image": "https://loremflickr.com/640/480/technics",
        "is_redemption": false,
        "points": 42416,
        "product": "Fantastic Granite Bacon",
      },
      {
        "createdAt": "2022-12-09T00:30:23.966Z",
        "id": "4",
        "image": "https://loremflickr.com/640/480/city",
        "is_redemption": true,
        "points": 23913,
        "product": "Fantastic Fresh Gloves",
      },
      {
        "createdAt": "2022-12-08T18:54:56.243Z",
        "id": "5",
        "image": "https://loremflickr.com/640/480/people",
        "is_redemption": true,
        "points": 69814,
        "product": "Rustic Rubber Bacon",
      },
      {
        "createdAt": "2022-12-09T14:12:11.097Z",
        "id": "6",
        "image": "https://loremflickr.com/640/480/business",
        "is_redemption": false,
        "points": 81585,
        "product": "Tasty Concrete Cheese",
      },
      {
        "createdAt": "2022-12-09T12:50:53.209Z",
        "id": "7",
        "image": "https://loremflickr.com/640/480/nightlife",
        "is_redemption": false,
        "points": 88323,
        "product": "Oriental Cotton Keyboard",
      },
      {
        "createdAt": "2022-12-08T20:32:14.169Z",
        "id": "8",
        "image": "https://loremflickr.com/640/480/animals",
        "is_redemption": true,
        "points": 87794,
        "product": "Oriental Soft Pants",
      },
      {
        "createdAt": "2022-12-09T05:46:47.645Z",
        "id": "9",
        "image": "https://loremflickr.com/640/480/food",
        "is_redemption": true,
        "points": 13063,
        "product": "Luxurious Rubber Bacon",
      },
      {
        "createdAt": "2022-12-09T10:56:34.206Z",
        "id": "10",
        "image": "https://loremflickr.com/640/480/transport",
        "is_redemption": false,
        "points": 91311,
        "product": "Elegant Rubber Fish",
      },
      {
        "createdAt": "2022-12-09T12:36:43.169Z",
        "id": "11",
        "image": "https://loremflickr.com/640/480/city",
        "is_redemption": false,
        "points": 44871,
        "product": "Recycled Wooden Salad",
      },
      {
        "amount": 16,
        "createdAt": "2023-02-04T07:48:16.249Z",
        "from_account_id": 781,
        "id": "12",
        "image": "https://loremflickr.com/640/480/food",
        "is_redemption": false,
        "points": 93367,
        "product": "Licensed Metal Salad",
        "reason": "test16",
        "to_account_id": 369,
        "verification_code": "8319",
      },
      {
        "amount": 16,
        "createdAt": "2023-02-04T08:45:26.468Z",
        "from_account_id": 781,
        "id": "13",
        "image": "https://loremflickr.com/640/480/food",
        "is_redemption": false,
        "points": 33432,
        "product": "Ergonomic Plastic Bacon",
        "reason": "test16",
        "to_account_id": 369,
        "verification_code": "8319",
      },
      {
        "createdAt": "2023-03-11T04:50:50.205Z",
        "id": "14",
        "image": "https://loremflickr.com/640/480/city",
        "is_redemption": false,
        "points": 1314,
        "product": "Ergonomic Granite Fish",
        "query": "
  query IntrospectionQuery {
    __schema {
      queryType { name }
      mutationType { name }
      subscriptionType { name }
      types {
        ...FullType
      }
      directives {
        name
        description
        locations
        args {
          ...InputValue
        }
      }
    }
  }

  fragment FullType on __Type {
    kind
    name
    description
    fields(includeDeprecated: true) {
      name
      description
      args {
        ...InputValue
      }
      type {
        ...TypeRef
      }
      isDeprecated
      deprecationReason
    }
    inputFields {
      ...InputValue
    }
    interfaces {
      ...TypeRef
    }
    enumValues(includeDeprecated: true) {
      name
      description
      isDeprecated
      deprecationReason
    }
    possibleTypes {
      ...TypeRef
    }
  }

  fragment InputValue on __InputValue {
    name
    description
    type { ...TypeRef }
    defaultValue
  }

  fragment TypeRef on __Type {
    kind
    name
    ofType {
      kind
      name
      ofType {
        kind
        name
        ofType {
          kind
          name
          ofType {
            kind
            name
            ofType {
              kind
              name
              ofType {
                kind
                name
                ofType {
                  kind
                  name
                }
              }
            }
          }
        }
      }
    }
  }
",
      },
      {
        "createdAt": "2023-03-11T04:35:35.259Z",
        "id": "15",
        "image": "https://loremflickr.com/640/480/business",
        "is_redemption": true,
        "points": 55894,
        "product": "Small Frozen Shirt",
        "query": "
  query IntrospectionQuery {
    __schema {
      queryType { name }
      mutationType { name }
      types {
        ...FullType
      }
      directives {
        name
        description
        locations
        args {
          ...InputValue
        }
      }
    }
  }

  fragment FullType on __Type {
    kind
    name
    description
    fields(includeDeprecated: true) {
      name
      description
      args {
        ...InputValue
      }
      type {
        ...TypeRef
      }
      isDeprecated
      deprecationReason
    }
    inputFields {
      ...InputValue
    }
    interfaces {
      ...TypeRef
    }
    enumValues(includeDeprecated: true) {
      name
      description
      isDeprecated
      deprecationReason
    }
    possibleTypes {
      ...TypeRef
    }
  }

  fragment InputValue on __InputValue {
    name
    description
    type { ...TypeRef }
    defaultValue
  }

  fragment TypeRef on __Type {
    kind
    name
    ofType {
      kind
      name
      ofType {
        kind
        name
        ofType {
          kind
          name
          ofType {
            kind
            name
            ofType {
              kind
              name
              ofType {
                kind
                name
                ofType {
                  kind
                  name
                }
              }
            }
          }
        }
      }
    }
  }
",
      },
      {
        "createdAt": "2023-03-11T07:49:58.766Z",
        "id": "16",
        "image": "https://loremflickr.com/640/480/transport",
        "is_redemption": false,
        "points": 21880,
        "product": "Electronic Bronze Salad",
        "query": "
# Welcome to GraphiQL
#
# GraphiQL is an in-browser tool for writing, validating, and
# testing GraphQL queries.
#
# Type queries into this side of the screen, and you will see intelligent
# typeaheads aware of the current GraphQL type schema and live syntax and
# validation errors highlighted within the text.
#
# GraphQL queries typically start with a "{" character. Lines that starts
# with a # are ignored.
#
# An example GraphQL query might look like:
#
#     {
#       field(arg: "value") {
#         subField
#       }
#     }
#
# Keyboard shortcuts:
#
#       Run Query:  Ctrl-Enter (or press the play button above)
#
#   Auto Complete:  Ctrl-Space (or just start typing)
#
# # # # # # # # # # # # # # # # # # # # # # # # # # # # # #
# Default endpoint is an instance of https://www.graph.cool/
# # # # # # # # # # # # # # # # # # # # # # # # # # # # # #

query {
  movements {
    product
  }
}
",
        "variables": null,
      },
      {
        "createdAt": "2023-03-11T13:57:33.428Z",
        "id": "17",
        "image": "https://loremflickr.com/640/480/city",
        "is_redemption": true,
        "points": 51314,
        "product": "Refined Concrete Pizza",
        "query": "
# Welcome to GraphiQL
#
# GraphiQL is an in-browser tool for writing, validating, and
# testing GraphQL queries.
#
# Type queries into this side of the screen, and you will see intelligent
# typeaheads aware of the current GraphQL type schema and live syntax and
# validation errors highlighted within the text.
#
# GraphQL queries typically start with a "{" character. Lines that starts
# with a # are ignored.
#
# An example GraphQL query might look like:
#
#     {
#       field(arg: "value") {
#         subField
#       }
#     }
#
# Keyboard shortcuts:
#
#       Run Query:  Ctrl-Enter (or press the play button above)
#
#   Auto Complete:  Ctrl-Space (or just start typing)
#
# # # # # # # # # # # # # # # # # # # # # # # # # # # # # #
# Default endpoint is an instance of https://www.graph.cool/
# # # # # # # # # # # # # # # # # # # # # # # # # # # # # #

query {
  products {
    product
  }
}
",
        "variables": null,
      },
      {
        "createdAt": "2023-03-11T12:17:47.118Z",
        "id": "18",
        "image": "https://loremflickr.com/640/480/business",
        "is_redemption": false,
        "points": 57955,
        "product": "Elegant Concrete Chips",
        "query": "
# Welcome to GraphiQL
#
# GraphiQL is an in-browser tool for writing, validating, and
# testing GraphQL queries.
#
# Type queries into this side of the screen, and you will see intelligent
# typeaheads aware of the current GraphQL type schema and live syntax and
# validation errors highlighted within the text.
#
# GraphQL queries typically start with a "{" character. Lines that starts
# with a # are ignored.
#
# An example GraphQL query might look like:
#
#     {
#       field(arg: "value") {
#         subField
#       }
#     }
#
# Keyboard shortcuts:
#
#       Run Query:  Ctrl-Enter (or press the play button above)
#
#   Auto Complete:  Ctrl-Space (or just start typing)
#
# # # # # # # # # # # # # # # # # # # # # # # # # # # # # #
# Default endpoint is an instance of https://www.graph.cool/
# # # # # # # # # # # # # # # # # # # # # # # # # # # # # #

query {
  products {
    product
  }
}
",
        "variables": null,
      },
      {
        "createdAt": "2023-03-11T07:59:31.773Z",
        "id": "19",
        "image": "https://loremflickr.com/640/480/fashion",
        "is_redemption": true,
        "points": 35936,
        "product": "Licensed Concrete Shirt",
        "query": "
# Welcome to GraphiQL
#
# GraphiQL is an in-browser tool for writing, validating, and
# testing GraphQL queries.
#
# Type queries into this side of the screen, and you will see intelligent
# typeaheads aware of the current GraphQL type schema and live syntax and
# validation errors highlighted within the text.
#
# GraphQL queries typically start with a "{" character. Lines that starts
# with a # are ignored.
#
# An example GraphQL query might look like:
#
#     {
#       field(arg: "value") {
#         subField
#       }
#     }
#
# Keyboard shortcuts:
#
#       Run Query:  Ctrl-Enter (or press the play button above)
#
#   Auto Complete:  Ctrl-Space (or just start typing)
#
# # # # # # # # # # # # # # # # # # # # # # # # # # # # # #
# Default endpoint is an instance of https://www.graph.cool/
# # # # # # # # # # # # # # # # # # # # # # # # # # # # # #

query {
  products {
    
  }
}
",
        "variables": null,
      },
      {
        "createdAt": "2023-03-11T12:25:04.499Z",
        "id": "20",
        "image": "https://loremflickr.com/640/480/technics",
        "is_redemption": false,
        "operationName": "IntrospectionQuery",
        "points": 18576,
        "product": "Oriental Bronze Gloves",
        "query": "
    query IntrospectionQuery {
      __schema {
        
        queryType { name }
        mutationType { name }
        subscriptionType { name }
        types {
          ...FullType
        }
        directives {
          name
          description
          
          locations
          args {
            ...InputValue
          }
        }
      }
    }

    fragment FullType on __Type {
      kind
      name
      description
      
      fields(includeDeprecated: true) {
        name
        description
        args {
          ...InputValue
        }
        type {
          ...TypeRef
        }
        isDeprecated
        deprecationReason
      }
      inputFields {
        ...InputValue
      }
      interfaces {
        ...TypeRef
      }
      enumValues(includeDeprecated: true) {
        name
        description
        isDeprecated
        deprecationReason
      }
      possibleTypes {
        ...TypeRef
      }
    }

    fragment InputValue on __InputValue {
      name
      description
      type { ...TypeRef }
      defaultValue
      
      
    }

    fragment TypeRef on __Type {
      kind
      name
      ofType {
        kind
        name
        ofType {
          kind
          name
          ofType {
            kind
            name
            ofType {
              kind
              name
              ofType {
                kind
                name
                ofType {
                  kind
                  name
                  ofType {
                    kind
                    name
                  }
                }
              }
            }
          }
        }
      }
    }
  ",
        "variables": {},
      },
    ]
  }
  getItem={[Function]}
  getItemCount={[Function]}
  keyExtractor={[Function]}
  onContentSizeChange={[Function]}
  onLayout={[Function]}
  onMomentumScrollBegin={[Function]}
  onMomentumScrollEnd={[Function]}
  onScroll={[Function]}
  onScrollBeginDrag={[Function]}
  onScrollEndDrag={[Function]}
  removeClippedSubviews={false}
  renderItem={[Function]}
  scrollEventThrottle={50}
  stickyHeaderIndices={[]}
  style={
    {
      "height": 548,
      "width": 673.5,
    }
  }
  viewabilityConfigCallbackPairs={[]}
>
  <View>
    <View
      onFocusCapture={[Function]}
      onLayout={[Function]}
      style={null}
    >
      <View
        accessibilityState={
          {
            "busy": undefined,
            "checked": undefined,
            "disabled": undefined,
            "expanded": undefined,
            "selected": undefined,
          }
        }
        accessibilityValue={
          {
            "max": undefined,
            "min": undefined,
            "now": undefined,
            "text": undefined,
          }
        }
        accessible={true}
        collapsable={false}
        focusable={true}
        onClick={[Function]}
        onResponderGrant={[Function]}
        onResponderMove={[Function]}
        onResponderRelease={[Function]}
        onResponderTerminate={[Function]}
        onResponderTerminationRequest={[Function]}
        onStartShouldSetResponder={[Function]}
        style={
          {
            "flexDirection": "row",
            "marginVertical": 12.5,
            "opacity": 1,
            "width": 630,
          }
        }
      >
        <Image
          source={
            {
              "uri": "https://loremflickr.com/640/480/transport",
            }
          }
          style={
            {
              "borderRadius": 10,
              "height": 86,
              "width": 86,
            }
          }
        />
        <View
          style={
            {
              "marginLeft": 19,
              "width": 362.5,
            }
          }
        >
          <Text
            style={
              {
                "color": "#000000",
                "fontFamily": "Avenir",
                "fontSize": 22,
                "fontWeight": "800",
              }
            }
          >
            Handmade Metal Shoes
          </Text>
          <Text
            style={
              {
                "color": "#000000",
                "fontFamily": "Avenir",
                "fontSize": 19,
                "fontWeight": "400",
              }
            }
          >
            9 de diciembre de 2022
          </Text>
        </View>
        <Text
          style={
            {
              "color": "#00B833",
              "fontSize": 25,
            }
          }
        >
          +
        </Text>
        <Text
          style={
            {
              "color": "#000000",
              "fontFamily": "Avenir",
              "fontSize": 25,
              "fontWeight": "800",
              "width": 124,
            }
          }
        >
           
          16434
        </Text>
        <Text
          style={
            {
              "fontWeight": "800",
            }
          }
        >
          &gt;
        </Text>
      </View>
    </View>
    <View
      onFocusCapture={[Function]}
      onLayout={[Function]}
      style={null}
    >
      <View
        accessibilityState={
          {
            "busy": undefined,
            "checked": undefined,
            "disabled": undefined,
            "expanded": undefined,
            "selected": undefined,
          }
        }
        accessibilityValue={
          {
            "max": undefined,
            "min": undefined,
            "now": undefined,
            "text": undefined,
          }
        }
        accessible={true}
        collapsable={false}
        focusable={true}
        onClick={[Function]}
        onResponderGrant={[Function]}
        onResponderMove={[Function]}
        onResponderRelease={[Function]}
        onResponderTerminate={[Function]}
        onResponderTerminationRequest={[Function]}
        onStartShouldSetResponder={[Function]}
        style={
          {
            "flexDirection": "row",
            "marginVertical": 12.5,
            "opacity": 1,
            "width": 630,
          }
        }
      >
        <Image
          source={
            {
              "uri": "https://loremflickr.com/640/480/technics",
            }
          }
          style={
            {
              "borderRadius": 10,
              "height": 86,
              "width": 86,
            }
          }
        />
        <View
          style={
            {
              "marginLeft": 19,
              "width": 362.5,
            }
          }
        >
          <Text
            style={
              {
                "color": "#000000",
                "fontFamily": "Avenir",
                "fontSize": 22,
                "fontWeight": "800",
              }
            }
          >
            Recycled Plastic Tuna
          </Text>
          <Text
            style={
              {
                "color": "#000000",
                "fontFamily": "Avenir",
                "fontSize": 19,
                "fontWeight": "400",
              }
            }
          >
            9 de diciembre de 2022
          </Text>
        </View>
        <Text
          style={
            {
              "color": "#00B833",
              "fontSize": 25,
            }
          }
        >
          +
        </Text>
        <Text
          style={
            {
              "color": "#000000",
              "fontFamily": "Avenir",
              "fontSize": 25,
              "fontWeight": "800",
              "width": 124,
            }
          }
        >
           
          92984
        </Text>
        <Text
          style={
            {
              "fontWeight": "800",
            }
          }
        >
          &gt;
        </Text>
      </View>
    </View>
    <View
      onFocusCapture={[Function]}
      onLayout={[Function]}
      style={null}
    >
      <View
        accessibilityState={
          {
            "busy": undefined,
            "checked": undefined,
            "disabled": undefined,
            "expanded": undefined,
            "selected": undefined,
          }
        }
        accessibilityValue={
          {
            "max": undefined,
            "min": undefined,
            "now": undefined,
            "text": undefined,
          }
        }
        accessible={true}
        collapsable={false}
        focusable={true}
        onClick={[Function]}
        onResponderGrant={[Function]}
        onResponderMove={[Function]}
        onResponderRelease={[Function]}
        onResponderTerminate={[Function]}
        onResponderTerminationRequest={[Function]}
        onStartShouldSetResponder={[Function]}
        style={
          {
            "flexDirection": "row",
            "marginVertical": 12.5,
            "opacity": 1,
            "width": 630,
          }
        }
      >
        <Image
          source={
            {
              "uri": "https://loremflickr.com/640/480/technics",
            }
          }
          style={
            {
              "borderRadius": 10,
              "height": 86,
              "width": 86,
            }
          }
        />
        <View
          style={
            {
              "marginLeft": 19,
              "width": 362.5,
            }
          }
        >
          <Text
            style={
              {
                "color": "#000000",
                "fontFamily": "Avenir",
                "fontSize": 22,
                "fontWeight": "800",
              }
            }
          >
            Fantastic Granite Bacon
          </Text>
          <Text
            style={
              {
                "color": "#000000",
                "fontFamily": "Avenir",
                "fontSize": 19,
                "fontWeight": "400",
              }
            }
          >
            9 de diciembre de 2022
          </Text>
        </View>
        <Text
          style={
            {
              "color": "#00B833",
              "fontSize": 25,
            }
          }
        >
          +
        </Text>
        <Text
          style={
            {
              "color": "#000000",
              "fontFamily": "Avenir",
              "fontSize": 25,
              "fontWeight": "800",
              "width": 124,
            }
          }
        >
           
          42416
        </Text>
        <Text
          style={
            {
              "fontWeight": "800",
            }
          }
        >
          &gt;
        </Text>
      </View>
    </View>
    <View
      onFocusCapture={[Function]}
      onLayout={[Function]}
      style={null}
    >
      <View
        accessibilityState={
          {
            "busy": undefined,
            "checked": undefined,
            "disabled": undefined,
            "expanded": undefined,
            "selected": undefined,
          }
        }
        accessibilityValue={
          {
            "max": undefined,
            "min": undefined,
            "now": undefined,
            "text": undefined,
          }
        }
        accessible={true}
        collapsable={false}
        focusable={true}
        onClick={[Function]}
        onResponderGrant={[Function]}
        onResponderMove={[Function]}
        onResponderRelease={[Function]}
        onResponderTerminate={[Function]}
        onResponderTerminationRequest={[Function]}
        onStartShouldSetResponder={[Function]}
        style={
          {
            "flexDirection": "row",
            "marginVertical": 12.5,
            "opacity": 1,
            "width": 630,
          }
        }
      >
        <Image
          source={
            {
              "uri": "https://loremflickr.com/640/480/city",
            }
          }
          style={
            {
              "borderRadius": 10,
              "height": 86,
              "width": 86,
            }
          }
        />
        <View
          style={
            {
              "marginLeft": 19,
              "width": 362.5,
            }
          }
        >
          <Text
            style={
              {
                "color": "#000000",
                "fontFamily": "Avenir",
                "fontSize": 22,
                "fontWeight": "800",
              }
            }
          >
            Fantastic Fresh Gloves
          </Text>
          <Text
            style={
              {
                "color": "#000000",
                "fontFamily": "Avenir",
                "fontSize": 19,
                "fontWeight": "400",
              }
            }
          >
            8 de diciembre de 2022
          </Text>
        </View>
        <Text
          style={
            {
              "color": "#FF0000",
              "fontSize": 25,
            }
          }
        >
          -
        </Text>
        <Text
          style={
            {
              "color": "#000000",
              "fontFamily": "Avenir",
              "fontSize": 25,
              "fontWeight": "800",
              "width": 124,
            }
          }
        >
           
          23913
        </Text>
        <Text
          style={
            {
              "fontWeight": "800",
            }
          }
        >
          &gt;
        </Text>
      </View>
    </View>
    <View
      onFocusCapture={[Function]}
      onLayout={[Function]}
      style={null}
    >
      <View
        accessibilityState={
          {
            "busy": undefined,
            "checked": undefined,
            "disabled": undefined,
            "expanded": undefined,
            "selected": undefined,
          }
        }
        accessibilityValue={
          {
            "max": undefined,
            "min": undefined,
            "now": undefined,
            "text": undefined,
          }
        }
        accessible={true}
        collapsable={false}
        focusable={true}
        onClick={[Function]}
        onResponderGrant={[Function]}
        onResponderMove={[Function]}
        onResponderRelease={[Function]}
        onResponderTerminate={[Function]}
        onResponderTerminationRequest={[Function]}
        onStartShouldSetResponder={[Function]}
        style={
          {
            "flexDirection": "row",
            "marginVertical": 12.5,
            "opacity": 1,
            "width": 630,
          }
        }
      >
        <Image
          source={
            {
              "uri": "https://loremflickr.com/640/480/people",
            }
          }
          style={
            {
              "borderRadius": 10,
              "height": 86,
              "width": 86,
            }
          }
        />
        <View
          style={
            {
              "marginLeft": 19,
              "width": 362.5,
            }
          }
        >
          <Text
            style={
              {
                "color": "#000000",
                "fontFamily": "Avenir",
                "fontSize": 22,
                "fontWeight": "800",
              }
            }
          >
            Rustic Rubber Bacon
          </Text>
          <Text
            style={
              {
                "color": "#000000",
                "fontFamily": "Avenir",
                "fontSize": 19,
                "fontWeight": "400",
              }
            }
          >
            8 de diciembre de 2022
          </Text>
        </View>
        <Text
          style={
            {
              "color": "#FF0000",
              "fontSize": 25,
            }
          }
        >
          -
        </Text>
        <Text
          style={
            {
              "color": "#000000",
              "fontFamily": "Avenir",
              "fontSize": 25,
              "fontWeight": "800",
              "width": 124,
            }
          }
        >
           
          69814
        </Text>
        <Text
          style={
            {
              "fontWeight": "800",
            }
          }
        >
          &gt;
        </Text>
      </View>
    </View>
    <View
      onFocusCapture={[Function]}
      onLayout={[Function]}
      style={null}
    >
      <View
        accessibilityState={
          {
            "busy": undefined,
            "checked": undefined,
            "disabled": undefined,
            "expanded": undefined,
            "selected": undefined,
          }
        }
        accessibilityValue={
          {
            "max": undefined,
            "min": undefined,
            "now": undefined,
            "text": undefined,
          }
        }
        accessible={true}
        collapsable={false}
        focusable={true}
        onClick={[Function]}
        onResponderGrant={[Function]}
        onResponderMove={[Function]}
        onResponderRelease={[Function]}
        onResponderTerminate={[Function]}
        onResponderTerminationRequest={[Function]}
        onStartShouldSetResponder={[Function]}
        style={
          {
            "flexDirection": "row",
            "marginVertical": 12.5,
            "opacity": 1,
            "width": 630,
          }
        }
      >
        <Image
          source={
            {
              "uri": "https://loremflickr.com/640/480/business",
            }
          }
          style={
            {
              "borderRadius": 10,
              "height": 86,
              "width": 86,
            }
          }
        />
        <View
          style={
            {
              "marginLeft": 19,
              "width": 362.5,
            }
          }
        >
          <Text
            style={
              {
                "color": "#000000",
                "fontFamily": "Avenir",
                "fontSize": 22,
                "fontWeight": "800",
              }
            }
          >
            Tasty Concrete Cheese
          </Text>
          <Text
            style={
              {
                "color": "#000000",
                "fontFamily": "Avenir",
                "fontSize": 19,
                "fontWeight": "400",
              }
            }
          >
            9 de diciembre de 2022
          </Text>
        </View>
        <Text
          style={
            {
              "color": "#00B833",
              "fontSize": 25,
            }
          }
        >
          +
        </Text>
        <Text
          style={
            {
              "color": "#000000",
              "fontFamily": "Avenir",
              "fontSize": 25,
              "fontWeight": "800",
              "width": 124,
            }
          }
        >
           
          81585
        </Text>
        <Text
          style={
            {
              "fontWeight": "800",
            }
          }
        >
          &gt;
        </Text>
      </View>
    </View>
    <View
      onFocusCapture={[Function]}
      onLayout={[Function]}
      style={null}
    >
      <View
        accessibilityState={
          {
            "busy": undefined,
            "checked": undefined,
            "disabled": undefined,
            "expanded": undefined,
            "selected": undefined,
          }
        }
        accessibilityValue={
          {
            "max": undefined,
            "min": undefined,
            "now": undefined,
            "text": undefined,
          }
        }
        accessible={true}
        collapsable={false}
        focusable={true}
        onClick={[Function]}
        onResponderGrant={[Function]}
        onResponderMove={[Function]}
        onResponderRelease={[Function]}
        onResponderTerminate={[Function]}
        onResponderTerminationRequest={[Function]}
        onStartShouldSetResponder={[Function]}
        style={
          {
            "flexDirection": "row",
            "marginVertical": 12.5,
            "opacity": 1,
            "width": 630,
          }
        }
      >
        <Image
          source={
            {
              "uri": "https://loremflickr.com/640/480/nightlife",
            }
          }
          style={
            {
              "borderRadius": 10,
              "height": 86,
              "width": 86,
            }
          }
        />
        <View
          style={
            {
              "marginLeft": 19,
              "width": 362.5,
            }
          }
        >
          <Text
            style={
              {
                "color": "#000000",
                "fontFamily": "Avenir",
                "fontSize": 22,
                "fontWeight": "800",
              }
            }
          >
            Oriental Cotton Keyboard
          </Text>
          <Text
            style={
              {
                "color": "#000000",
                "fontFamily": "Avenir",
                "fontSize": 19,
                "fontWeight": "400",
              }
            }
          >
            9 de diciembre de 2022
          </Text>
        </View>
        <Text
          style={
            {
              "color": "#00B833",
              "fontSize": 25,
            }
          }
        >
          +
        </Text>
        <Text
          style={
            {
              "color": "#000000",
              "fontFamily": "Avenir",
              "fontSize": 25,
              "fontWeight": "800",
              "width": 124,
            }
          }
        >
           
          88323
        </Text>
        <Text
          style={
            {
              "fontWeight": "800",
            }
          }
        >
          &gt;
        </Text>
      </View>
    </View>
    <View
      onFocusCapture={[Function]}
      onLayout={[Function]}
      style={null}
    >
      <View
        accessibilityState={
          {
            "busy": undefined,
            "checked": undefined,
            "disabled": undefined,
            "expanded": undefined,
            "selected": undefined,
          }
        }
        accessibilityValue={
          {
            "max": undefined,
            "min": undefined,
            "now": undefined,
            "text": undefined,
          }
        }
        accessible={true}
        collapsable={false}
        focusable={true}
        onClick={[Function]}
        onResponderGrant={[Function]}
        onResponderMove={[Function]}
        onResponderRelease={[Function]}
        onResponderTerminate={[Function]}
        onResponderTerminationRequest={[Function]}
        onStartShouldSetResponder={[Function]}
        style={
          {
            "flexDirection": "row",
            "marginVertical": 12.5,
            "opacity": 1,
            "width": 630,
          }
        }
      >
        <Image
          source={
            {
              "uri": "https://loremflickr.com/640/480/animals",
            }
          }
          style={
            {
              "borderRadius": 10,
              "height": 86,
              "width": 86,
            }
          }
        />
        <View
          style={
            {
              "marginLeft": 19,
              "width": 362.5,
            }
          }
        >
          <Text
            style={
              {
                "color": "#000000",
                "fontFamily": "Avenir",
                "fontSize": 22,
                "fontWeight": "800",
              }
            }
          >
            Oriental Soft Pants
          </Text>
          <Text
            style={
              {
                "color": "#000000",
                "fontFamily": "Avenir",
                "fontSize": 19,
                "fontWeight": "400",
              }
            }
          >
            8 de diciembre de 2022
          </Text>
        </View>
        <Text
          style={
            {
              "color": "#FF0000",
              "fontSize": 25,
            }
          }
        >
          -
        </Text>
        <Text
          style={
            {
              "color": "#000000",
              "fontFamily": "Avenir",
              "fontSize": 25,
              "fontWeight": "800",
              "width": 124,
            }
          }
        >
           
          87794
        </Text>
        <Text
          style={
            {
              "fontWeight": "800",
            }
          }
        >
          &gt;
        </Text>
      </View>
    </View>
    <View
      onFocusCapture={[Function]}
      onLayout={[Function]}
      style={null}
    >
      <View
        accessibilityState={
          {
            "busy": undefined,
            "checked": undefined,
            "disabled": undefined,
            "expanded": undefined,
            "selected": undefined,
          }
        }
        accessibilityValue={
          {
            "max": undefined,
            "min": undefined,
            "now": undefined,
            "text": undefined,
          }
        }
        accessible={true}
        collapsable={false}
        focusable={true}
        onClick={[Function]}
        onResponderGrant={[Function]}
        onResponderMove={[Function]}
        onResponderRelease={[Function]}
        onResponderTerminate={[Function]}
        onResponderTerminationRequest={[Function]}
        onStartShouldSetResponder={[Function]}
        style={
          {
            "flexDirection": "row",
            "marginVertical": 12.5,
            "opacity": 1,
            "width": 630,
          }
        }
      >
        <Image
          source={
            {
              "uri": "https://loremflickr.com/640/480/food",
            }
          }
          style={
            {
              "borderRadius": 10,
              "height": 86,
              "width": 86,
            }
          }
        />
        <View
          style={
            {
              "marginLeft": 19,
              "width": 362.5,
            }
          }
        >
          <Text
            style={
              {
                "color": "#000000",
                "fontFamily": "Avenir",
                "fontSize": 22,
                "fontWeight": "800",
              }
            }
          >
            Luxurious Rubber Bacon
          </Text>
          <Text
            style={
              {
                "color": "#000000",
                "fontFamily": "Avenir",
                "fontSize": 19,
                "fontWeight": "400",
              }
            }
          >
            8 de diciembre de 2022
          </Text>
        </View>
        <Text
          style={
            {
              "color": "#FF0000",
              "fontSize": 25,
            }
          }
        >
          -
        </Text>
        <Text
          style={
            {
              "color": "#000000",
              "fontFamily": "Avenir",
              "fontSize": 25,
              "fontWeight": "800",
              "width": 124,
            }
          }
        >
           
          13063
        </Text>
        <Text
          style={
            {
              "fontWeight": "800",
            }
          }
        >
          &gt;
        </Text>
      </View>
    </View>
    <View
      onFocusCapture={[Function]}
      onLayout={[Function]}
      style={null}
    >
      <View
        accessibilityState={
          {
            "busy": undefined,
            "checked": undefined,
            "disabled": undefined,
            "expanded": undefined,
            "selected": undefined,
          }
        }
        accessibilityValue={
          {
            "max": undefined,
            "min": undefined,
            "now": undefined,
            "text": undefined,
          }
        }
        accessible={true}
        collapsable={false}
        focusable={true}
        onClick={[Function]}
        onResponderGrant={[Function]}
        onResponderMove={[Function]}
        onResponderRelease={[Function]}
        onResponderTerminate={[Function]}
        onResponderTerminationRequest={[Function]}
        onStartShouldSetResponder={[Function]}
        style={
          {
            "flexDirection": "row",
            "marginVertical": 12.5,
            "opacity": 1,
            "width": 630,
          }
        }
      >
        <Image
          source={
            {
              "uri": "https://loremflickr.com/640/480/transport",
            }
          }
          style={
            {
              "borderRadius": 10,
              "height": 86,
              "width": 86,
            }
          }
        />
        <View
          style={
            {
              "marginLeft": 19,
              "width": 362.5,
            }
          }
        >
          <Text
            style={
              {
                "color": "#000000",
                "fontFamily": "Avenir",
                "fontSize": 22,
                "fontWeight": "800",
              }
            }
          >
            Elegant Rubber Fish
          </Text>
          <Text
            style={
              {
                "color": "#000000",
                "fontFamily": "Avenir",
                "fontSize": 19,
                "fontWeight": "400",
              }
            }
          >
            9 de diciembre de 2022
          </Text>
        </View>
        <Text
          style={
            {
              "color": "#00B833",
              "fontSize": 25,
            }
          }
        >
          +
        </Text>
        <Text
          style={
            {
              "color": "#000000",
              "fontFamily": "Avenir",
              "fontSize": 25,
              "fontWeight": "800",
              "width": 124,
            }
          }
        >
           
          91311
        </Text>
        <Text
          style={
            {
              "fontWeight": "800",
            }
          }
        >
          &gt;
        </Text>
      </View>
    </View>
    <View
      style={
        {
          "height": 0,
        }
      }
    />
  </View>
</RCTScrollView>
`;
